Downloading MongoDB "8.2.6": 0% (0mb / 639.9mb)[0G
Downloading MongoDB "8.2.6": 0.3% (2mb / 639.9mb)[0G
Downloading MongoDB "8.2.6": 0.7% (4.3mb / 639.9mb)[0G
Downloading MongoDB "8.2.6": 1% (6.7mb / 639.9mb)[0G
Downloading MongoDB "8.2.6": 1.4% (8.9mb / 639.9mb)[0G
Downloading MongoDB "8.2.6": 1.7% (11.2mb / 639.9mb)[0G
Downloading MongoDB "8.2.6": 2.1% (13.4mb / 639.9mb)[0G
Downloading MongoDB "8.2.6": 2.4% (15.5mb / 639.9mb)[0G
Downloading MongoDB "8.2.6": 2.8% (17.9mb / 639.9mb)[0G
Downloading MongoDB "8.2.6": 3.1% (19.8mb / 639.9mb)[0G
Downloading MongoDB "8.2.6": 3.5% (22.5mb / 639.9mb)[0G
Downloading MongoDB "8.2.6": 3.9% (24.8mb / 639.9mb)[0G
Downloading MongoDB "8.2.6": 4.2% (27.1mb / 639.9mb)[0G
Downloading MongoDB "8.2.6": 4.6% (29.4mb / 639.9mb)[0G
Downloading MongoDB "8.2.6": 5% (31.7mb / 639.9mb)[0G
Downloading MongoDB "8.2.6": 5.3% (34mb / 639.9mb)[0G
Downloading MongoDB "8.2.6": 5.7% (36.2mb / 639.9mb)[0G
Downloading MongoDB "8.2.6": 6% (38.3mb / 639.9mb)[0G
Downloading MongoDB "8.2.6": 6.2% (39.8mb / 639.9mb)[0G
Downloading MongoDB "8.2.6": 6.4% (41.1mb / 639.9mb)[0G
Downloading MongoDB "8.2.6": 6.7% (42.6mb / 639.9mb)[0G
Downloading MongoDB "8.2.6": 6.8% (43.8mb / 639.9mb)[0G
Downloading MongoDB "8.2.6": 7% (45mb / 639.9mb)[0G
Downloading MongoDB "8.2.6": 7.2% (46.2mb / 639.9mb)[0G
Downloading MongoDB "8.2.6": 7.4% (47.5mb / 639.9mb)[0G
Downloading MongoDB "8.2.6": 7.6% (48.9mb / 639.9mb)[0G
Downloading MongoDB "8.2.6": 7.9% (50.8mb / 639.9mb)[0G
Downloading MongoDB "8.2.6": 8.2% (52.4mb / 639.9mb)[0G
Downloading MongoDB "8.2.6": 8.6% (54.8mb / 639.9mb)[0G
Downloading MongoDB "8.2.6": 8.9% (57.1mb / 639.9mb)[0G
Downloading MongoDB "8.2.6": 9.3% (59.4mb / 639.9mb)[0G
Downloading MongoDB "8.2.6": 9.6% (61.7mb / 639.9mb)[0G
Downloading MongoDB "8.2.6": 9.9% (63.1mb / 639.9mb)[0G
Downloading MongoDB "8.2.6": 10% (64.2mb / 639.9mb)[0G
Downloading MongoDB "8.2.6": 10.4% (66.4mb / 639.9mb)[0G
Downloading MongoDB "8.2.6": 10.8% (68.9mb / 639.9mb)[0G
Downloading MongoDB "8.2.6": 11.1% (71.3mb / 639.9mb)[0G
Downloading MongoDB "8.2.6": 11.5% (73.6mb / 639.9mb)[0G
Downloading MongoDB "8.2.6": 11.9% (75.9mb / 639.9mb)[0G
Downloading MongoDB "8.2.6": 12.2% (78.2mb / 639.9mb)[0G
Downloading MongoDB "8.2.6": 12.6% (80.6mb / 639.9mb)[0G
Downloading MongoDB "8.2.6": 12.9% (82.8mb / 639.9mb)[0G
Downloading MongoDB "8.2.6": 13.3% (85.2mb / 639.9mb)[0G
Downloading MongoDB "8.2.6": 13.7% (87.5mb / 639.9mb)[0G
Downloading MongoDB "8.2.6": 14% (89.8mb / 639.9mb)[0G
Downloading MongoDB "8.2.6": 14.4% (92.1mb / 639.9mb)[0G
Downloading MongoDB "8.2.6": 14.8% (94.5mb / 639.9mb)[0G
Downloading MongoDB "8.2.6": 15.1% (96.6mb / 639.9mb)[0G
Downloading MongoDB "8.2.6": 15.4% (98.8mb / 639.9mb)[0G
Downloading MongoDB "8.2.6": 15.8% (101.2mb / 639.9mb)[0G
Downloading MongoDB "8.2.6": 16.2% (103.5mb / 639.9mb)[0G
Downloading MongoDB "8.2.6": 16.5% (105.9mb / 639.9mb)[0G
Downloading MongoDB "8.2.6": 16.9% (107.9mb / 639.9mb)[0G
Downloading MongoDB "8.2.6": 17.2% (110.4mb / 639.9mb)[0G
Downloading MongoDB "8.2.6": 17.6% (112.7mb / 639.9mb)[0G
Downloading MongoDB "8.2.6": 18% (115.1mb / 639.9mb)[0G
Downloading MongoDB "8.2.6": 18.3% (117.2mb / 639.9mb)[0G
Downloading MongoDB "8.2.6": 18.7% (119.6mb / 639.9mb)[0G
Downloading MongoDB "8.2.6": 19.1% (121.9mb / 639.9mb)[0G
Downloading MongoDB "8.2.6": 19.4% (124.3mb / 639.9mb)[0G
Downloading MongoDB "8.2.6": 19.8% (126.7mb / 639.9mb)[0G
Downloading MongoDB "8.2.6": 20.1% (128.9mb / 639.9mb)[0G
Downloading MongoDB "8.2.6": 20.5% (131.3mb / 639.9mb)[0G
Downloading MongoDB "8.2.6": 20.8% (133.4mb / 639.9mb)[0G
Downloading MongoDB "8.2.6": 21.2% (135.7mb / 639.9mb)[0G
Downloading MongoDB "8.2.6": 21.6% (138.1mb / 639.9mb)[0G
Downloading MongoDB "8.2.6": 21.9% (140.3mb / 639.9mb)[0G
Downloading MongoDB "8.2.6": 22.3% (142.6mb / 639.9mb)[0G
Downloading MongoDB "8.2.6": 22.6% (144.8mb / 639.9mb)[0G
Downloading MongoDB "8.2.6": 23% (147mb / 639.9mb)[0G
Downloading MongoDB "8.2.6": 23.3% (149.4mb / 639.9mb)[0G
Downloading MongoDB "8.2.6": 23.7% (151.7mb / 639.9mb)[0G
Downloading MongoDB "8.2.6": 24.1% (154.1mb / 639.9mb)[0G
Downloading MongoDB "8.2.6": 24.4% (156.1mb / 639.9mb)[0G
Downloading MongoDB "8.2.6": 24.8% (158.4mb / 639.9mb)[0G
Downloading MongoDB "8.2.6": 25.1% (160.8mb / 639.9mb)[0G
Downloading MongoDB "8.2.6": 25.5% (163.1mb / 639.9mb)[0G
Downloading MongoDB "8.2.6": 25.8% (165.2mb / 639.9mb)[0G
Downloading MongoDB "8.2.6": 26.2% (167.7mb / 639.9mb)[0G
Downloading MongoDB "8.2.6": 26.6% (169.9mb / 639.9mb)[0G
Downloading MongoDB "8.2.6": 26.9% (172.3mb / 639.9mb)[0G
Downloading MongoDB "8.2.6": 27.3% (174.4mb / 639.9mb)[0G
Downloading MongoDB "8.2.6": 27.6% (176.9mb / 639.9mb)[0G
Downloading MongoDB "8.2.6": 28% (179.2mb / 639.9mb)[0G
Downloading MongoDB "8.2.6": 28.3% (181.3mb / 639.9mb)[0G
Downloading MongoDB "8.2.6": 28.7% (183.7mb / 639.9mb)[0G
Downloading MongoDB "8.2.6": 29.1% (186mb / 639.9mb)[0G
Downloading MongoDB "8.2.6": 29.4% (188.4mb / 639.9mb)[0G
Downloading MongoDB "8.2.6": 29.8% (190.6mb / 639.9mb)[0G
Downloading MongoDB "8.2.6": 30.2% (193mb / 639.9mb)[0G
Downloading MongoDB "8.2.6": 30.5% (195.2mb / 639.9mb)[0G
Downloading MongoDB "8.2.6": 30.9% (197.5mb / 639.9mb)[0G
Downloading MongoDB "8.2.6": 31.2% (199.7mb / 639.9mb)[0G
Downloading MongoDB "8.2.6": 31.6% (202.2mb / 639.9mb)[0G
Downloading MongoDB "8.2.6": 31.9% (204.4mb / 639.9mb)[0G
Downloading MongoDB "8.2.6": 32.3% (206.8mb / 639.9mb)[0G
Downloading MongoDB "8.2.6": 32.7% (209mb / 639.9mb)[0G
Downloading MongoDB "8.2.6": 33% (211.2mb / 639.9mb)[0G
Downloading MongoDB "8.2.6": 33.4% (213.5mb / 639.9mb)[0G
Downloading MongoDB "8.2.6": 33.7% (215.8mb / 639.9mb)[0G
Downloading MongoDB "8.2.6": 34.1% (218.1mb / 639.9mb)[0G
Downloading MongoDB "8.2.6": 34.4% (220.4mb / 639.9mb)[0G
Downloading MongoDB "8.2.6": 34.8% (222.6mb / 639.9mb)[0G
Downloading MongoDB "8.2.6": 35.2% (225.1mb / 639.9mb)[0G
Downloading MongoDB "8.2.6": 35.5% (227.4mb / 639.9mb)[0G
Downloading MongoDB "8.2.6": 35.9% (229.4mb / 639.9mb)[0G
Downloading MongoDB "8.2.6": 36.2% (231.8mb / 639.9mb)[0G
Downloading MongoDB "8.2.6": 36.6% (234.2mb / 639.9mb)[0G
Downloading MongoDB "8.2.6": 37% (236.5mb / 639.9mb)[0G
Downloading MongoDB "8.2.6": 37.3% (238.8mb / 639.9mb)[0G
Downloading MongoDB "8.2.6": 37.7% (241.2mb / 639.9mb)[0G
Downloading MongoDB "8.2.6": 38% (243.4mb / 639.9mb)[0G
Downloading MongoDB "8.2.6": 38.4% (245.8mb / 639.9mb)[0G
Downloading MongoDB "8.2.6": 38.8% (248mb / 639.9mb)[0G
Downloading MongoDB "8.2.6": 39.1% (250.1mb / 639.9mb)[0G
Downloading MongoDB "8.2.6": 39.5% (252.6mb / 639.9mb)[0G
Downloading MongoDB "8.2.6": 39.8% (255mb / 639.9mb)[0G
Downloading MongoDB "8.2.6": 40.2% (257.3mb / 639.9mb)[0G
Downloading MongoDB "8.2.6": 40.6% (259.6mb / 639.9mb)[0G
Downloading MongoDB "8.2.6": 40.9% (261.9mb / 639.9mb)[0G
Downloading MongoDB "8.2.6": 41.3% (264.1mb / 639.9mb)[0G
Downloading MongoDB "8.2.6": 41.6% (266.5mb / 639.9mb)[0G
Downloading MongoDB "8.2.6": 42% (268.8mb / 639.9mb)[0G
Downloading MongoDB "8.2.6": 42.3% (271mb / 639.9mb)[0G
Downloading MongoDB "8.2.6": 42.7% (273.4mb / 639.9mb)[0G
Downloading MongoDB "8.2.6": 43.1% (275.6mb / 639.9mb)[0G
Downloading MongoDB "8.2.6": 43.4% (277.9mb / 639.9mb)[0G
Downloading MongoDB "8.2.6": 43.8% (280.2mb / 639.9mb)[0G
Downloading MongoDB "8.2.6": 44.2% (282.6mb / 639.9mb)[0G
Downloading MongoDB "8.2.6": 44.5% (284.8mb / 639.9mb)[0G
Downloading MongoDB "8.2.6": 44.9% (287.2mb / 639.9mb)[0G
Downloading MongoDB "8.2.6": 45.3% (289.7mb / 639.9mb)[0G
Downloading MongoDB "8.2.6": 45.6% (291.8mb / 639.9mb)[0G
Downloading MongoDB "8.2.6": 45.9% (294mb / 639.9mb)[0G
Downloading MongoDB "8.2.6": 46.3% (296.4mb / 639.9mb)[0G
Downloading MongoDB "8.2.6": 46.7% (298.7mb / 639.9mb)[0G
Downloading MongoDB "8.2.6": 47% (301mb / 639.9mb)[0G
Downloading MongoDB "8.2.6": 47.4% (303.4mb / 639.9mb)[0G
Downloading MongoDB "8.2.6": 47.8% (305.6mb / 639.9mb)[0G
Downloading MongoDB "8.2.6": 48.1% (307.9mb / 639.9mb)[0G
Downloading MongoDB "8.2.6": 48.5% (310.3mb / 639.9mb)[0G
Downloading MongoDB "8.2.6": 48.8% (312.5mb / 639.9mb)[0G
Downloading MongoDB "8.2.6": 49.2% (314.9mb / 639.9mb)[0G
Downloading MongoDB "8.2.6": 49.6% (317.2mb / 639.9mb)[0G
Downloading MongoDB "8.2.6": 49.9% (319.5mb / 639.9mb)[0G
Downloading MongoDB "8.2.6": 50.3% (321.8mb / 639.9mb)[0G
Downloading MongoDB "8.2.6": 50.6% (324mb / 639.9mb)[0G
Downloading MongoDB "8.2.6": 51% (326.4mb / 639.9mb)[0G
Downloading MongoDB "8.2.6": 51.4% (328.7mb / 639.9mb)[0G
Downloading MongoDB "8.2.6": 51.7% (331mb / 639.9mb)[0G
Downloading MongoDB "8.2.6": 52% (333mb / 639.9mb)[0G
Downloading MongoDB "8.2.6": 52.4% (335.4mb / 639.9mb)[0G
Downloading MongoDB "8.2.6": 52.7% (337.3mb / 639.9mb)[0G
Downloading MongoDB "8.2.6": 53.1% (339.8mb / 639.9mb)[0G
Downloading MongoDB "8.2.6": 53.5% (342.1mb / 639.9mb)[0G
Downloading MongoDB "8.2.6": 53.8% (344.2mb / 639.9mb)[0G
Downloading MongoDB "8.2.6": 54.2% (346.6mb / 639.9mb)[0G
Downloading MongoDB "8.2.6": 54.5% (348.9mb / 639.9mb)[0G
Downloading MongoDB "8.2.6": 54.9% (351.2mb / 639.9mb)[0G
Downloading MongoDB "8.2.6": 55.3% (353.6mb / 639.9mb)[0G
Downloading MongoDB "8.2.6": 55.6% (355.9mb / 639.9mb)[0G
Downloading MongoDB "8.2.6": 56% (358.2mb / 639.9mb)[0G
Downloading MongoDB "8.2.6": 56.3% (360.5mb / 639.9mb)[0G
Downloading MongoDB "8.2.6": 56.7% (362.8mb / 639.9mb)[0G
Downloading MongoDB "8.2.6": 57.1% (365.1mb / 639.9mb)[0G
Downloading MongoDB "8.2.6": 57.4% (367.3mb / 639.9mb)[0G
Downloading MongoDB "8.2.6": 57.8% (369.7mb / 639.9mb)[0G
Downloading MongoDB "8.2.6": 58.1% (372.1mb / 639.9mb)[0G
Downloading MongoDB "8.2.6": 58.5% (374.3mb / 639.9mb)[0G
Downloading MongoDB "8.2.6": 58.9% (376.7mb / 639.9mb)[0G
Downloading MongoDB "8.2.6": 59.2% (379mb / 639.9mb)[0G
Downloading MongoDB "8.2.6": 59.6% (381.3mb / 639.9mb)[0G
Downloading MongoDB "8.2.6": 59.9% (383.6mb / 639.9mb)[0G
Downloading MongoDB "8.2.6": 60.3% (385.9mb / 639.9mb)[0G
Downloading MongoDB "8.2.6": 60.6% (388mb / 639.9mb)[0G
Downloading MongoDB "8.2.6": 61% (390.3mb / 639.9mb)[0G
Downloading MongoDB "8.2.6": 61.3% (392.6mb / 639.9mb)[0G
Downloading MongoDB "8.2.6": 61.7% (394.9mb / 639.9mb)[0G
Downloading MongoDB "8.2.6": 62.1% (397.2mb / 639.9mb)[0G
Downloading MongoDB "8.2.6": 62.4% (399.6mb / 639.9mb)[0G
Downloading MongoDB "8.2.6": 62.8% (401.9mb / 639.9mb)[0G
Downloading MongoDB "8.2.6": 63.2% (404.1mb / 639.9mb)[0G
Downloading MongoDB "8.2.6": 63.5% (406.3mb / 639.9mb)[0G
Downloading MongoDB "8.2.6": 63.8% (408.3mb / 639.9mb)[0G
Downloading MongoDB "8.2.6": 64.2% (410.5mb / 639.9mb)[0G
Downloading MongoDB "8.2.6": 64.5% (412.9mb / 639.9mb)[0G
Downloading MongoDB "8.2.6": 64.9% (415.2mb / 639.9mb)[0G
Downloading MongoDB "8.2.6": 65.2% (417.5mb / 639.9mb)[0G
Downloading MongoDB "8.2.6": 65.5% (419.3mb / 639.9mb)[0G
Downloading MongoDB "8.2.6": 65.8% (421mb / 639.9mb)[0G
Downloading MongoDB "8.2.6": 66% (422.4mb / 639.9mb)[0G
Downloading MongoDB "8.2.6": 66.4% (424.7mb / 639.9mb)[0G
Downloading MongoDB "8.2.6": 66.7% (427mb / 639.9mb)[0G
Downloading MongoDB "8.2.6": 67.1% (429.4mb / 639.9mb)[0G
Downloading MongoDB "8.2.6": 67.4% (431.6mb / 639.9mb)[0G
Downloading MongoDB "8.2.6": 67.8% (433.9mb / 639.9mb)[0G
Downloading MongoDB "8.2.6": 68.2% (436.2mb / 639.9mb)[0G
Downloading MongoDB "8.2.6": 68.5% (438.4mb / 639.9mb)[0G
Downloading MongoDB "8.2.6": 68.8% (440.6mb / 639.9mb)[0G
Downloading MongoDB "8.2.6": 69.2% (442.9mb / 639.9mb)[0G
Downloading MongoDB "8.2.6": 69.6% (445.2mb / 639.9mb)[0G
Downloading MongoDB "8.2.6": 69.9% (447.4mb / 639.9mb)[0G
Downloading MongoDB "8.2.6": 70.3% (449.8mb / 639.9mb)[0G
Downloading MongoDB "8.2.6": 70.6% (451.9mb / 639.9mb)[0G
Downloading MongoDB "8.2.6": 71% (454.3mb / 639.9mb)[0G
Downloading MongoDB "8.2.6": 71.4% (456.6mb / 639.9mb)[0G
Downloading MongoDB "8.2.6": 71.7% (459mb / 639.9mb)[0G
Downloading MongoDB "8.2.6": 72.1% (461.4mb / 639.9mb)[0G
Downloading MongoDB "8.2.6": 72.5% (463.7mb / 639.9mb)[0G
Downloading MongoDB "8.2.6": 72.8% (466mb / 639.9mb)[0G
Downloading MongoDB "8.2.6": 73.2% (468.2mb / 639.9mb)[0G
Downloading MongoDB "8.2.6": 73.5% (470.6mb / 639.9mb)[0G
Downloading MongoDB "8.2.6": 73.9% (473mb / 639.9mb)[0G
Downloading MongoDB "8.2.6": 74.3% (475.4mb / 639.9mb)[0G
Downloading MongoDB "8.2.6": 74.6% (477.5mb / 639.9mb)[0G
Downloading MongoDB "8.2.6": 75% (479.9mb / 639.9mb)[0G
Downloading MongoDB "8.2.6": 75.3% (482.2mb / 639.9mb)[0G
Downloading MongoDB "8.2.6": 75.7% (484.5mb / 639.9mb)[0G
Downloading MongoDB "8.2.6": 76.1% (486.9mb / 639.9mb)[0G
Downloading MongoDB "8.2.6": 76.4% (489.2mb / 639.9mb)[0G
Downloading MongoDB "8.2.6": 76.8% (491.6mb / 639.9mb)[0G
Downloading MongoDB "8.2.6": 77.2% (493.8mb / 639.9mb)[0G
Downloading MongoDB "8.2.6": 77.5% (496.2mb / 639.9mb)[0G
Downloading MongoDB "8.2.6": 77.9% (498.4mb / 639.9mb)[0G
Downloading MongoDB "8.2.6": 78.3% (500.9mb / 639.9mb)[0G
Downloading MongoDB "8.2.6": 78.6% (503.1mb / 639.9mb)[0G
Downloading MongoDB "8.2.6": 79% (505.4mb / 639.9mb)[0G
Downloading MongoDB "8.2.6": 79.3% (507.7mb / 639.9mb)[0G
Downloading MongoDB "8.2.6": 79.7% (510.2mb / 639.9mb)[0G
Downloading MongoDB "8.2.6": 80.1% (512.5mb / 639.9mb)[0G
Downloading MongoDB "8.2.6": 80.4% (514.7mb / 639.9mb)[0G
Downloading MongoDB "8.2.6": 80.8% (517mb / 639.9mb)[0G
Downloading MongoDB "8.2.6": 81.2% (519.3mb / 639.9mb)[0G
Downloading MongoDB "8.2.6": 81.5% (521.7mb / 639.9mb)[0G
Downloading MongoDB "8.2.6": 81.9% (524mb / 639.9mb)[0G
Downloading MongoDB "8.2.6": 82.2% (526.2mb / 639.9mb)[0G
Downloading MongoDB "8.2.6": 82.6% (528.4mb / 639.9mb)[0G
Downloading MongoDB "8.2.6": 82.9% (530.8mb / 639.9mb)[0G
Downloading MongoDB "8.2.6": 83.3% (533.1mb / 639.9mb)[0G
Downloading MongoDB "8.2.6": 83.7% (535.4mb / 639.9mb)[0G
Downloading MongoDB "8.2.6": 84% (537.7mb / 639.9mb)[0G
Downloading MongoDB "8.2.6": 84.4% (539.8mb / 639.9mb)[0G
Downloading MongoDB "8.2.6": 84.7% (542.2mb / 639.9mb)[0G
Downloading MongoDB "8.2.6": 85.1% (544.4mb / 639.9mb)[0G
Downloading MongoDB "8.2.6": 85.4% (546.7mb / 639.9mb)[0G
Downloading MongoDB "8.2.6": 85.8% (549.1mb / 639.9mb)[0G
Downloading MongoDB "8.2.6": 86.2% (551.4mb / 639.9mb)[0G
Downloading MongoDB "8.2.6": 86.5% (553.7mb / 639.9mb)[0G
Downloading MongoDB "8.2.6": 86.9% (555.9mb / 639.9mb)[0G
Downloading MongoDB "8.2.6": 87.2% (558.2mb / 639.9mb)[0G
Downloading MongoDB "8.2.6": 87.6% (560.5mb / 639.9mb)[0G
Downloading MongoDB "8.2.6": 87.9% (562.8mb / 639.9mb)[0G
Downloading MongoDB "8.2.6": 88.3% (565.2mb / 639.9mb)[0G
Downloading MongoDB "8.2.6": 88.6% (567.2mb / 639.9mb)[0G
Downloading MongoDB "8.2.6": 89% (569.6mb / 639.9mb)[0G
Downloading MongoDB "8.2.6": 89.4% (571.9mb / 639.9mb)[0G
Downloading MongoDB "8.2.6": 89.8% (574.4mb / 639.9mb)[0G
Downloading MongoDB "8.2.6": 90.1% (576.7mb / 639.9mb)[0G
Downloading MongoDB "8.2.6": 90.5% (579mb / 639.9mb)[0G
Downloading MongoDB "8.2.6": 90.8% (581.3mb / 639.9mb)[0G
Downloading MongoDB "8.2.6": 91.2% (583.6mb / 639.9mb)[0G
Downloading MongoDB "8.2.6": 91.6% (585.9mb / 639.9mb)[0G
Downloading MongoDB "8.2.6": 91.9% (588.1mb / 639.9mb)[0G
Downloading MongoDB "8.2.6": 92.3% (590.4mb / 639.9mb)[0G
Downloading MongoDB "8.2.6": 92.6% (592.8mb / 639.9mb)[0G
Downloading MongoDB "8.2.6": 92.8% (593.9mb / 639.9mb)[0G
Downloading MongoDB "8.2.6": 93% (595.3mb / 639.9mb)[0G
Downloading MongoDB "8.2.6": 93.1% (596mb / 639.9mb)[0G
Downloading MongoDB "8.2.6": 93.2% (596.5mb / 639.9mb)[0G
Downloading MongoDB "8.2.6": 93.4% (597.8mb / 639.9mb)[0G
Downloading MongoDB "8.2.6": 93.6% (599mb / 639.9mb)[0G
Downloading MongoDB "8.2.6": 93.8% (600mb / 639.9mb)[0G
Downloading MongoDB "8.2.6": 94% (601.4mb / 639.9mb)[0G
Downloading MongoDB "8.2.6": 94.3% (603.5mb / 639.9mb)[0G
Downloading MongoDB "8.2.6": 94.6% (605.5mb / 639.9mb)[0G
Downloading MongoDB "8.2.6": 95% (607.8mb / 639.9mb)[0G
Downloading MongoDB "8.2.6": 95.3% (609.7mb / 639.9mb)[0G
Downloading MongoDB "8.2.6": 95.6% (611.8mb / 639.9mb)[0G
Downloading MongoDB "8.2.6": 95.9% (613.8mb / 639.9mb)[0G
Downloading MongoDB "8.2.6": 96.2% (615.6mb / 639.9mb)[0G
Downloading MongoDB "8.2.6": 96.6% (618.1mb / 639.9mb)[0G
Downloading MongoDB "8.2.6": 96.9% (620.4mb / 639.9mb)[0G
Downloading MongoDB "8.2.6": 97.3% (622.6mb / 639.9mb)[0G
Downloading MongoDB "8.2.6": 97.7% (624.9mb / 639.9mb)[0G
Downloading MongoDB "8.2.6": 98% (627.3mb / 639.9mb)[0G
Downloading MongoDB "8.2.6": 98.4% (629.4mb / 639.9mb)[0G
Downloading MongoDB "8.2.6": 98.7% (631.8mb / 639.9mb)[0G
Downloading MongoDB "8.2.6": 99.1% (633.9mb / 639.9mb)[0G
Downloading MongoDB "8.2.6": 99.4% (636.3mb / 639.9mb)[0G
Downloading MongoDB "8.2.6": 99.8% (638.6mb / 639.9mb)[0G
Downloading MongoDB "8.2.6": 100% (639.9mb / 639.9mb)[0G
Downloading MongoDB "8.2.6": 100% (0mb / 0mb)[0G
Datos de ejemplo insertados
Conectado a MongoDB Atlas
Servidor listo en http://localhost:4000/graphql
